// Jest Snapshot v1, https://goo.gl/fbAQLP

exports[`Effect ChromaKey returns expected context: Unlabeled Mash 1`] = `"<svg width=\\"640\\" height=\\"480\\" viewBox=\\"0 0 640 480\\"><svg width=\\"320\\" height=\\"240\\" viewBox=\\"0 0 320 240\\"><image id=\\"image-1\\" width=\\"320\\" height=\\"240\\" href=\\"http://localhost/shared/image/cable.jpg\\" style=\\"filter:url(#filter-3);\\"></image><filter id=\\"filter-3\\"><feOffset id=\\"com.moviemasher.filter.overlay\\" dx=\\"0\\" dy=\\"0\\"></feOffset></filter></svg><svg width=\\"774\\" height=\\"540\\" viewBox=\\"0 0 774 540\\"><image id=\\"image-2\\" width=\\"774\\" height=\\"540\\" href=\\"http://localhost/shared/image/green-text-on-white.png\\" style=\\"filter:url(#filter-4);\\"></image><filter id=\\"filter-4\\"><feOffset id=\\"com.moviemasher.filter.overlay\\" dx=\\"0\\" dy=\\"0\\"></feOffset></filter></svg></svg>"`;
