// Jest Snapshot v1, https://goo.gl/fbAQLP

exports[`RenderingProcess render renders audio from trimmed video 1`] = `
"SHA256=e24dfa97a2bdfa1660de8084f54be754edafcfb85cd0e61533b5e4d19840a6ec
"
`;

exports[`RenderingProcess renders video-from-color.json 1`] = `
"SHA256=566d7ff8add67fdb4cebfb8b6ba73450d32b85ad333d6ce3ed1e459a337d1048
"
`;

exports[`RenderingProcess renders video-from-colors-fade.json 1`] = `
"SHA256=b407bec05d718b8dfb36409f213d72cd43a28dc858a878c8dc6e4b3d2f827fb2
"
`;

exports[`RenderingProcess renders video-from-image.json 1`] = `
"SHA256=7ae2f870b455577af5bbe11232789b8095d4e3c6fba2540aab3508787d486ab5
"
`;

exports[`RenderingProcess renders video-from-image-pan.json 1`] = `
"SHA256=cf17d76075c487acdd34e78c17aa64c553005349990eefab41cfae98f5da8b94
"
`;

exports[`RenderingProcess renders video-from-text-fade.json 1`] = `
"SHA256=0db64fa6f2961f4b0792fbee16cbbf180986a2350004685c189b4a2bd4fd6c2b
"
`;

exports[`RenderingProcess runPromise renders image from image 1`] = `
"SHA256=63d0c0066eb6eaf4149130a1c42e5f13c79532649c43dea2e0c21e48df21b847
"
`;

exports[`RenderingProcess runPromise renders image from image with cover 1`] = `
"SHA256=56c8c4481c7e7492e2d91e0e1553fcdae0723c7ecccddd690fc709bfb57c2ade
"
`;

exports[`RenderingProcess runPromise renders image from trimmed video 1`] = `
"SHA256=2186665f9969418b03710535f624f784d6df5c85cd148c0f4aac24e7e91b5078
"
`;

exports[`RenderingProcess runPromise renders image sequence from video with cover 1`] = `
"SHA256=f50e54fac1449e8b7ae5ab5761784335b0a3a45dc784071e13f2b903e84a9f18
"
`;

exports[`RenderingProcess runPromise renders video from image 1`] = `
"SHA256=9b863fe82883cf0fcd75a7047d567751cbb34cb70093031475b9273f35306665
"
`;

exports[`RenderingProcess runPromise renders video from video with cover 1`] = `
"SHA256=196f7c1dac4b9197939d6edb11fdfa14401ae2ee4e3c7f743bd8f1c67086b3d2
"
`;
