// Jest Snapshot v1, https://goo.gl/fbAQLP

exports[`Editor add returns promise that loads clip: Unlabeled Mash 1`] = `"<svg width=\\"640\\" height=\\"480\\" viewBox=\\"0 0 640 480\\"><defs><marker id=\\"bounds-marker\\" markerUnits=\\"userSpaceOnUse\\" refX=\\"5\\" refY=\\"5\\" markerWidth=\\"10\\" markerHeight=\\"10\\" viewBox=\\"0 0 10 10\\"><rect width=\\"10\\" height=\\"10\\" fill=\\"currentColor\\" transform=\\"translate(5,5) scale(0.75,0.5625) translate(-5,-5)\\"></rect></marker><marker id=\\"shape-marker\\" markerUnits=\\"userSpaceOnUse\\" refX=\\"5\\" refY=\\"5\\" markerWidth=\\"10\\" markerHeight=\\"10\\" viewBox=\\"0 0 10 10\\"><ellipse cx=\\"5\\" cy=\\"5\\" rx=\\"5\\" ry=\\"5\\" fill=\\"currentColor\\" transform=\\"translate(5,5) scale(0.75,0.5625) translate(-5,-5)\\"></ellipse></marker></defs><svg width=\\"640\\" height=\\"480\\" viewBox=\\"0 0 640 480\\"><mask id=\\"mask-1\\"><g width=\\"480\\" height=\\"270\\" transform=\\"translate(0,0) scale(1.3333333333333333,1.7777777777777777)\\" transform-origin=\\"top left\\"><polygon points=\\"0,0 480,0 480,270, 0,270, 0,0\\" fill=\\"none\\" class=\\"bounds\\"></polygon><path d=\\"M 0.00 0.00 L 480.00 0.00 L 480.00 270.00 L 0.00 270.00 L 0.00 0.00\\" fill=\\"#FFFFFF\\" class=\\"shape\\"></path></g></mask><rect width=\\"640\\" height=\\"480\\" fill=\\"#FFFF00\\" x=\\"0\\" y=\\"0\\" mask=\\"url(#mask-1)\\" mask-mode=\\"alpha\\" filter=\\"url(#filter-2)\\"></rect><g width=\\"480\\" height=\\"270\\" transform=\\"translate(0,0) scale(1.3333333333333333,1.7777777777777777)\\" transform-origin=\\"top left\\"><polygon points=\\"0,0 480,0 480,270, 0,270, 0,0\\" fill=\\"none\\" class=\\"bounds selected\\" vector-effect=\\"non-scaling-stroke\\"></polygon><polygon points=\\"0,0 480,0 480,270, 0,270, 0,0\\" fill=\\"none\\" class=\\"bounds marker\\"></polygon><path d=\\"M 0.00 0.00 L 480.00 0.00 L 480.00 270.00 L 0.00 270.00 L 0.00 0.00\\" fill=\\"transparent\\" class=\\"shape marker\\"></path></g><filter id=\\"filter-2\\" filterUnits=\\"userSpaceOnUse\\"><feColorMatrix type=\\"matrix\\" values=\\"1 0 0 0 0 0 1 0 0 0 0 0 1 0 0 0 0 0 1 0\\"></feColorMatrix><feBlend mode=\\"normal\\"></feBlend></filter></svg></svg>"`;
